// Jest Snapshot v1, https://goo.gl/fbAQLP

exports[`array.res 1`] = `";;match x with | [|a;b|] -> () | [|a;[|c;d|]|] -> ()"`;

exports[`constrained.res 1`] = `";;match x with | (a : int -> unit) -> [%rescript.exprhole ]"`;

exports[`constructor.res 1`] = `
";;match x with
  | Rgb (r, g, b) -> ()
  | Rgb (r, g, Color (a, b)) -> ()
  | Rgb (r, g, 1::2::[]) -> ()"
`;

exports[`list.res 1`] = `
";;match x with | [] -> () | 1::[]::[] -> () | [] -> 1
;;[3; 4]
;;()"
`;

exports[`parenthesized.res 1`] = `
";;match x with
  | a -> ()
  | [|a;b|] -> ()
  | { a; b } -> ()
  | 1::[] -> ()
  | (1, 2) -> ()"
`;

exports[`polyvariant.res 1`] = `
";;match x with
  | \`Rgb (r, g, b) -> ()
  | \`Rgb (r, g, Color (a, b)) -> ()
  | \`Rgb (r, g, 1::2::[]) -> ()
;;match x with | \`a () -> () | \`a () -> ()"
`;

exports[`record.res 1`] = `";;match x with | { a; b = { x; y } } -> () | { x; y } -> () | { a; b } -> ()"`;

exports[`tuple.res 1`] = `";;match x with | a -> () | (a, (b, c)) -> () | (a, (b, c)) -> ()"`;
