
  [1;31mWe've found a bug for you![0m
  [36m/.../fixtures/component_missing_prop.res[0m:[2m5:34-35[0m

  3 [2m│[0m   type props<'name> = {name: 'name}
  4 [2m│[0m 
  [1;31m5[0m [2m│[0m   let make = (): props<'name> => [1;31m{}[0m
  6 [2m│[0m }
  7 [2m│[0m 

  Some required record fields are missing:
  name. If this is a component, add the missing props.