
  [1;31mWe've found a bug for you![0m
  [36m/.../fixtures/dict_magic_field_on_non_dict.res[0m:[2m5:6-23[0m

  3 [2m│[0m let foo = (fakeDict: fakeDict<'a>) => {
  4 [2m│[0m   switch fakeDict {
  [1;31m5[0m [2m│[0m   | {[1;31msomeUndefinedField[0m: 1} => Js.log("one")
  6 [2m│[0m   | _ => Js.log("not one")
  7 [2m│[0m   }

  The field [1;31msomeUndefinedField[0m does not belong to type [1;33mfakeDict[0m
  
  This record pattern is expected to have type [1;33mfakeDict<'a>[0m