
  [1;31mWe've found a bug for you![0m
  [36m/.../fixtures/moreArguments5.res[0m:[2m5:9[0m

  3 [2m│[0m }
  4 [2m│[0m let x = (a, b, c, d) => {Sub.a: 2}
  [1;31m5[0m [2m│[0m let y = [1;31mx[0m(2).Sub.a
  6 [2m│[0m 

  This function has type (int, 'a, 'b, 'c) => Sub.a
  It is applied with [1;31m1[0m arguments but it requires [1;33m4[0m.