File "/.../fixtures/syntaxErrors1.re", line 1, characters 11-13:
Error: syntax error, consider adding a `;' before

  [1;31mWe've found a bug for you![0m
  [36m/.../fixtures/syntaxErrors1.re[0m

  [1;33mThere's been an error running Reason's parser on a file.[0m
  If the message doesn't help, check for errors slightly above.
  Please file an issue on github.com/facebook/reason. Thanks!