
  [1;31mWe've found a bug for you![0m
  [36m/.../fixtures/uncurried_wrong_label.res[0m:[2m3:18[0m

  1 [2m│[0m let foo = (. ~x) => { let _ = (); (~y) => x+y }
  2 [2m│[0m // This looks too far into the return type
  [1;31m3[0m [2m│[0m let d = foo(. ~y=[1;31m3[0m)
  4 [2m│[0m 

  The function applied to this argument has type (. ~x: int, ~y: int) => int
This argument cannot be applied with label ~y