
  [1;31mWe've found a bug for you![0m
  [36m/.../fixtures/variant_pattern_type_spreads_not_variant.res[0m:[2m7:8[0m

  5 [2m│[0m let lookup = (b: b) =>
  6 [2m│[0m   switch b {
  [1;31m7[0m [2m│[0m   | ...[1;31mc[0m as c => Js.log(c)
  8 [2m│[0m   | Four => Js.log("four")
  9 [2m│[0m   | Five => Js.log("five")

  The type c
is not a variant type