
  [1;31mWe've found a bug for you![0m
  [36m/.../fixtures/dict_pattern_inference_constrained.res[0m:[2m4:27-30[0m

  2 [2m┆[0m switch dict {
  3 [2m┆[0m | dict{"one": 1} =>
  [1;31m4[0m [2m┆[0m   let _: dict<string> = [1;31mdict[0m
  5 [2m┆[0m   Js.log("one")
  6 [2m┆[0m | _ => Js.log("not one")

  This has type: [1;31mdict<int>[0m
  But it's expected to have type: [1;33mdict<string>[0m
  
  The incompatible parts:
    [1;31mint[0m vs [1;33mstring[0m
  
  You can convert [1;33mint[0m to [1;33mstring[0m with [1;33mBelt.Int.toString[0m.