
  [1;31mWe've found a bug for you![0m
  [36m/.../fixtures/object_passed_when_record_expected.res[0m:[2m4:14-26[0m

  2 [2m│[0m type xx = array<x>
  3 [2m│[0m 
  [1;31m4[0m [2m│[0m let x: xx = [[1;31m{"one": true}[0m]
  5 [2m│[0m 

  This has type: [1;31m{"one": bool}[0m
  But it's expected to have type: [1;33mx[0m

  You're passing a [1;31mReScript object[0m where a [1;33mrecord[0m is expected. 

  - Did you mean to pass a record instead of an object? Objects are written with quoted keys, and records with unquoted keys. Remove the quotes from the object keys to pass it as a record instead of object.