
  [1;31mWe've found a bug for you![0m
  [36m/.../fixtures/OptionalInlineImplIntf.res[0m:[2m3:5-5:1[0m

  1 [2m│[0m module M: {
  2 [2m│[0m   type t = A({x?: int})
  [1;31m3[0m [2m│[0m } = [1;31m{[0m
  [1;31m4[0m [2m│[0m [1;31m  type t = A({x: int})[0m
  [1;31m5[0m [2m│[0m [1;31m}[0m
  6 [2m│[0m 

  Signature mismatch:
  Modules do not match:
    {
  type t = A({x: int})
}
  is not included in
    {
  type t = A({x?: int})
}
  Type declarations do not match:
    type t = A({x: int})
  is not included in
    type t = A({x?: int})
  [36m/.../fixtures/OptionalInlineImplIntf.res[0m:[2m2:3-23[0m:
    Expected declaration
  [36m/.../fixtures/OptionalInlineImplIntf.res[0m:[2m4:3-22[0m:
    Actual declaration
  The optional attribute of field x is different.