
  [1;31mWe've found a bug for you![0m
  [36m/.../fixtures/UntaggedTupleAndArray.res[0m:[2m4:3-21[0m

  2 [2m│[0m type t =
  3 [2m│[0m   | Array(array<int>)
  [1;31m4[0m [2m│[0m   [1;31m| Tuple((int, int))[0m
  5 [2m│[0m 

  This untagged variant definition is invalid: At most one case can be an array or tuple type.