
  [1;31mWe've found a bug for you![0m
  [36m/.../fixtures/variant_coercion_polyvariant_with_payload.res[0m:[2m7:19-30[0m

  5 [2m│[0m let p: poly = #One
  6 [2m│[0m 
  [1;31m7[0m [2m│[0m let v: variant = ([1;31mp :> variant[0m)
  8 [2m│[0m 

  Type poly = [#One | #Two(string)] is not a subtype of variant