// Jest Snapshot v1, https://goo.gl/fbAQLP

exports[`export.res 1`] = `
"export type callback = ReactEvent.Mouse.t => unit

export type t = int and export s = string
export type t = int and s = string
type t = int and export s = string

export callback = _ => Js.log(\\"Clicked\\")
export callback = _ => Js.log(\\"Clicked\\")

export x = \\"hello world\\" and export y = 2
export x = \\"hello world\\" and export y = 2
let x = \\"hello world\\" and export y = 2
"
`;

exports[`import.res 1`] = `
"@ns.jsFfi
include {
  @genType.import(\\"path\\") @disableGc @disableJit
  external delimiter: string = \\"delimiter\\"
  @genType.import(\\"path\\")
  external currentWorkingDirectory: unit => string = \\"cwd\\"
  @genType.import(\\"path\\") external isAbsolute: string => bool = \\"isAbsolute\\"
  @genType.import(\\"path\\")
  external \\\\\\"ToNamespacedPath\\": string => string = \\"toNamespacedPath\\"
}

@ns.jsFfi
include {
  @genType.import(\\"firebase/app\\")
  external crazyString: float => timestamp = \\"*crazy_string*\\"
}

@ns.jsFfi
include {
  @val external document: Dom.document = \\"document\\"
}
"
`;
