// Jest Snapshot v1, https://goo.gl/fbAQLP

exports[`attributes.resi 1`] = `
"=====Parsetree==========================================
module type MissingItem  = sig [%%rescript.sigitemhole ] end
[%%rescript.sigitemhole ]
=====Errors=============================================

  Syntax error!
  parsing/errors/signature/attributes.resi:2:3-7  
  1 │ module type MissingItem = {
  2 │   @attr
  3 │ }
  4 │ 
  
  Did you forget to attach \`attr\` to an item?
  Standalone attributes start with \`@@\` like: \`@@attr\`


  Syntax error!
  parsing/errors/signature/attributes.resi:5:1-16  
  3 │ }
  4 │ 
  5 │ @attrWithoutItem
  6 │ 
  
  Did you forget to attach \`attrWithoutItem\` to an item?
  Standalone attributes start with \`@@\` like: \`@@attrWithoutItem\`


========================================================"
`;

exports[`closingBraces.resi 1`] = `
"=====Parsetree==========================================
val x : int
val y : int
=====Errors=============================================

  Syntax error!
  parsing/errors/signature/closingBraces.resi:3:1  
  1 │ let x: int
  2 │ 
  3 │ }}}
  4 │ 
  5 │ let y: int
  
  I'm not sure what to parse here when looking at \\"}\\".


========================================================"
`;

exports[`consecutive.resi 1`] = `
"=====Parsetree==========================================
val x : int
val y : float
val z1 : int[@@genType ]
val z2 : float[@@genType ]
=====Errors=============================================

  Syntax error!
  parsing/errors/signature/consecutive.resi:1:11-14  
  1 │ let x: int let y: float
  2 │ 
  3 │ export z1: int export z2: float
  
  consecutive specifications on a line must be separated by ';' or a newline


  Syntax error!
  parsing/errors/signature/consecutive.resi:3:15-21  
  1 │ let x: int let y: float
  2 │ 
  3 │ export z1: int export z2: float
  4 │ 
  
  consecutive specifications on a line must be separated by ';' or a newline


========================================================"
`;
