// Jest Snapshot v1, https://goo.gl/fbAQLP

exports[`missing.res 1`] = `
"=====Parsetree==========================================
let 2 = [%rescript.exprhole ]
let 4 = for [%rescript.patternhole ] = 0 to 10 do Js.log \\"for\\" done
;;match x with | () -> [%rescript.exprhole ]
=====Errors=============================================

  Syntax error!
  parsing/errors/pattern/missing.res:1:5  
  1 │ let = 2
  2 │ let = 4
  3 │ 
  
  I was expecting a name for this let-binding. Example: \`let message = \\"hello\\"\`


  Syntax error!
  parsing/errors/pattern/missing.res:2:5  
  1 │ let = 2
  2 │ let = 4
  3 │ 
  4 │ for in 0 to 10 {
  
  I was expecting a name for this let-binding. Example: \`let message = \\"hello\\"\`


  Syntax error!
  parsing/errors/pattern/missing.res:4:5-6  
  2 │ let = 4
  3 │ 
  4 │ for in 0 to 10 {
  5 │   Js.log(\\"for\\")
  6 │ }
  
  A for-loop has the following form: \`for i in 0 to 10\`. Did you forget to supply a name before \`in\`?


  Syntax error!
  parsing/errors/pattern/missing.res:9:3-4  
   7 │ 
   8 │ switch x {
   9 │ | => ()
  10 │ }
  11 │ 
  
  I was expecting a pattern to match on before the \`=>\`


========================================================"
`;

exports[`templateLiteral.res 1`] = `
"=====Parsetree==========================================
let zeroCoord = \\"0.0\\"
;;match l with | \\"\\" -> () | \\"\\" -> () | _ -> ()
=====Errors=============================================

  Syntax error!
  parsing/errors/pattern/templateLiteral.res:4:3-27  
  2 │ 
  3 │ switch l {
  4 │ | \`zero coord \${zeroCoord}\` => ()
  5 │ | \`first coord \${zeroCoord} snd \${zeroCoord} \` => ()
  6 │ | _ => ()
  
  String interpolation is not supported in pattern matching.


  Syntax error!
  parsing/errors/pattern/templateLiteral.res:5:33  
  3 │ switch l {
  4 │ | \`zero coord \${zeroCoord}\` => ()
  5 │ | \`first coord \${zeroCoord} snd \${zeroCoord} \` => ()
  6 │ | _ => ()
  7 │ }
  
  Not sure what to do with this character.


  Syntax error!
  parsing/errors/pattern/templateLiteral.res:5:3-46  
  3 │ switch l {
  4 │ | \`zero coord \${zeroCoord}\` => ()
  5 │ | \`first coord \${zeroCoord} snd \${zeroCoord} \` => ()
  6 │ | _ => ()
  7 │ }
  
  String interpolation is not supported in pattern matching.


========================================================"
`;
