// Jest Snapshot v1, https://goo.gl/fbAQLP

exports[`attributes.ns 1`] = `
"let x = 1[@@attr :int]
let x = 1[@@attr ?var]
let x = 1[@@attr ?var when x == 1]"
`;

exports[`comments.ns 1`] = `"let x = 1"`;

exports[`emptyFile.js 1`] = `""`;

exports[`emptyInterface.jsi 1`] = `""`;

exports[`gentype.ns 1`] = `
"module M : sig type nonrec t = int[@@genType ] val x : int[@@genType ] end =
  struct type nonrec t = int
         let x = 34 end "
`;

exports[`list.ns 1`] = `
"let list = x
let x = list + list
let f = Foo.list
let x = list.list
let y = Ok.Bar.list
;;list a b
;;list.list <- list"
`;

exports[`onlyMultilineComment.js 1`] = `""`;

exports[`onlyMultilineComment.jsi 1`] = `""`;

exports[`onlySinglelineComment.js 1`] = `""`;

exports[`onlySinglinelineComment.jsi 1`] = `""`;

exports[`semi.js 1`] = `
"type nonrec t =
  | Red 
;;Red
;;foo := 1"
`;

exports[`singleLineCommentWithoutNewline.ns 1`] = `";;RootView.init ()"`;
